../Core/Src/main.c:85:6:servo_up	16	static
../Core/Src/main.c:95:6:servo_down	0	static
../Core/Src/main.c:105:6:motors_off	8	static
../Core/Src/main.c:119:6:move	8	static
../Core/Src/main.c:124:6:stop	8	static
../Core/Src/main.c:130:6:tube_cutting	24	static
../Core/Src/main.c:196:6:buttons_Init	0	static
../Core/Src/main.c:206:6:getButton	16	static
../Core/Src/main.c:258:6:menu_update	32	static
../Core/Src/main.c:390:6:SystemClock_Config	72	static,ignoring_inline_asm
../Core/Src/main.c:326:5:main	64	static,ignoring_inline_asm
../Core/Src/main.c:580:6:Error_Handler	0	static,ignoring_inline_asm
